// Jest Snapshot v1, https://goo.gl/fbAQLP

exports[`Upgrade Collections Create Collection It should fail again trying to findFirst 1`] = `
Array [
  Object {
    "collectionName": "test-48823-create-a-collection",
    "error": [Error: Test error],
    "version": 20,
  },
  Object {
    "collectionName": "test-48823-create-a-collection",
    "error": [Error: Test error],
    "version": 20,
  },
]
`;

exports[`Upgrade Collections Create Collection It should fail trying to findFirst 1`] = `
Array [
  Object {
    "collectionName": "test-48823-create-a-collection",
    "error": [Error: Test error],
    "version": 20,
  },
]
`;
